[1m[34m ____  _                _          _     ____       _           _       
|  _ \(_) ___ ___   ___| |__   ___| |_  |  _ \ ___ | |__   ___ | |_ ___ 
| |_) | |/ __/ _ \ / __| '_ \ / _ \ __| | |_) / _ \| '_ \ / _ \| __/ __|
|  _ <| | (_| (_) | (__| | | |  __/ |_  |  _ < (_) | |_) | (_) | |_\__ 
|_| \_\_|\___\___/ \___|_| |_|\___|\__| |_| \_\___/|_.__/ \___/ \__|___/
[22m[3m[4mBy Les Daltons

[0m
[0m[47m[30m[38;5;253m┼[0m[47m[0m[47m[38;5;253m────[0m[47m[0m[47m[30m[38;5;253m┼[0m[47m[0m[47m[38;5;253m────[0m[47m[0m[47m[30m[38;5;253m┼[0m[47m[0m[47m[38;5;253m────[0m[47m[0m[47m[30m[38;5;253m┼[0m[47m[0m[47m[38;5;253m────[0m[47m[0m[47m[30m[38;5;253m┼[0m[47m[0m[47m[38;5;253m────[0m[47m[0m[47m[30m[38;5;253m┼[0m[47m[0m[47m[38;5;253m────[0m[47m[0m[47m[30m[38;5;253m┼[0m[47m[0m[47m[38;5;253m────[0m[47m[0m[47m[30m[38;5;253m┼[0m[47m[0m[47m[30m────[0m[47m[0m[47m[30m[38;5;253m┼[0m[47m[0m[47m[38;5;253m────[0m[47m[0m[47m[30m[38;5;253m┼[0m[47m[0m[47m[38;5;253m────[0m[47m[0m[47m[30m[38;5;253m┼[0m[47m[0m[47m[38;5;253m────[0m[47m[0m[47m[30m[38;5;253m┼[0m[47m[0m[47m[38;5;253m────[0m[47m[0m[47m[30m[38;5;253m┼[0m[47m[0m[47m[38;5;253m────[0m[47m[0m[47m[30m[38;5;253m┼[0m[47m[0m[47m[38;5;253m────[0m[47m[0m[47m[30m[38;5;253m┼[0m[47m[0m[47m[38;5;253m────[0m[47m[0m[47m[30m[38;5;253m┼[0m[47m[0m[47m[38;5;253m────[0m[47m[30m[38;5;253m┼[0m[47m[0m[47m[0m[47m[0m
[0m[47m[38;5;253m│    [38;5;253m│    [38;5;253m│    [38;5;253m│    [38;5;253m│    [38;5;253m│    [38;5;253m│    [38;5;253m│    [38;5;253m│    [38;5;253m│    [38;5;253m│    [38;5;253m│    [38;5;253m│    [38;5;253m│    [38;5;253m│    [38;5;253m│    [38;5;253m│[0m
[0m[47m[30m[38;5;253m┼[0m[47m[0m[47m[38;5;253m────[0m[47m[0m[47m[30m[38;5;253m┼[0m[47m[0m[47m[38;5;253m────[0m[47m[0m[47m[30m[38;5;253m┼[0m[47m[0m[47m[38;5;253m────[0m[47m[0m[47m[30m[38;5;253m┼[0m[47m[0m[47m[38;5;253m────[0m[47m[0m[47m[30m[38;5;253m┼[0m[47m[0m[47m[38;5;253m────[0m[47m[0m[47m[30m[38;5;253m┼[0m[47m[0m[47m[30m────[0m[47m[0m[47m[30m[38;5;253m┼[0m[47m[0m[47m[38;5;253m────[0m[47m[0m[47m[30m[38;5;253m┼[0m[47m[0m[47m[38;5;253m────[0m[47m[0m[47m[30m[38;5;253m┼[0m[47m[0m[47m[38;5;253m────[0m[47m[0m[47m[30m[38;5;253m┼[0m[47m[0m[47m[38;5;253m────[0m[47m[0m[47m[30m[38;5;253m┼[0m[47m[0m[47m[38;5;253m────[0m[47m[0m[47m[30m[38;5;253m┼[0m[47m[0m[47m[38;5;253m────[0m[47m[0m[47m[30m[38;5;253m┼[0m[47m[0m[47m[38;5;253m────[0m[47m[0m[47m[30m[38;5;253m┼[0m[47m[0m[47m[38;5;253m────[0m[47m[0m[47m[30m[38;5;253m┼[0m[47m[0m[47m[38;5;253m────[0m[47m[0m[47m[30m[38;5;253m┼[0m[47m[0m[47m[38;5;253m────[0m[47m[30m[38;5;253m┼[0m[47m[0m[47m[0m[47m[0m
[0m[47m[38;5;253m│    [38;5;253m│    [38;5;253m│    [38;5;253m│    [30m│ [31m● [0m[0m[47m [38;5;253m│    [38;5;253m│    [38;5;253m│    [38;5;253m│    [38;5;253m│    [38;5;253m│    [38;5;253m│    [38;5;253m│    [38;5;253m│    [38;5;253m│    [38;5;253m│    [38;5;253m│[0m
[0m[47m[30m[38;5;253m┼[0m[47m[0m[47m[38;5;253m────[0m[47m[0m[47m[30m[38;5;253m┼[0m[47m[0m[47m[38;5;253m────[0m[47m[0m[47m[30m[38;5;253m┼[0m[47m[0m[47m[38;5;253m────[0m[47m[0m[47m[30m[38;5;253m┼[0m[47m[0m[47m[38;5;253m────[0m[47m[0m[47m[30m[38;5;253m┼[0m[47m[0m[47m[38;5;253m────[0m[47m[0m[47m[30m[38;5;253m┼[0m[47m[0m[47m[38;5;253m────[0m[47m[0m[47m[30m[38;5;253m┼[0m[47m[0m[47m[38;5;253m────[0m[47m[0m[47m[30m[38;5;253m┼[0m[47m[0m[47m[38;5;253m────[0m[47m[0m[47m[30m[38;5;253m┼[0m[47m[0m[47m[38;5;253m────[0m[47m[0m[47m[30m[38;5;253m┼[0m[47m[0m[47m[38;5;253m────[0m[47m[0m[47m[30m[38;5;253m┼[0m[47m[0m[47m[38;5;253m────[0m[47m[0m[47m[30m[38;5;253m┼[0m[47m[0m[47m[38;5;253m────[0m[47m[0m[47m[30m[38;5;253m┼[0m[47m[0m[47m[38;5;253m────[0m[47m[0m[47m[30m[38;5;253m┼[0m[47m[0m[47m[30m────[0m[47m[0m[47m[30m[38;5;253m┼[0m[47m[0m[47m[38;5;253m────[0m[47m[0m[47m[30m[38;5;253m┼[0m[47m[0m[47m[38;5;253m────[0m[47m[30m[38;5;253m┼[0m[47m[0m[47m[0m[47m[0m
[0m[47m[30m│    [38;5;253m│    [38;5;253m│    [38;5;253m│    [38;5;253m│    [38;5;253m│    [38;5;253m│    [38;5;253m│    [38;5;253m│    [38;5;253m│    [38;5;253m│    [38;5;253m│    [30m│ [32m🟊 [0m[0m[47m [38;5;253m│    [38;5;253m│    [38;5;253m│    [38;5;253m│[0m
[0m[47m[30m[38;5;253m┼[0m[47m[0m[47m[38;5;253m────[0m[47m[0m[47m[30m┌[0m[47m[0m[47m[30m────[0m[47m[0m[47m[30m[38;5;253m┼[0m[47m[0m[47m[38;5;253m────[0m[47m[0m[47m[30m[38;5;253m┼[0m[47m[0m[47m[38;5;253m────[0m[47m[0m[47m[30m[38;5;253m┼[0m[47m[0m[47m[38;5;253m────[0m[47m[0m[47m[30m[38;5;253m┼[0m[47m[0m[47m[38;5;253m────[0m[47m[0m[47m[30m[38;5;253m┼[0m[47m[0m[47m[38;5;253m────[0m[47m[0m[47m[30m[38;5;253m┼[0m[47m[0m[47m[38;5;253m────[0m[47m[0m[47m[30m[38;5;253m┼[0m[47m[0m[47m[38;5;253m────[0m[47m[0m[47m[30m[38;5;253m┼[0m[47m[0m[47m[38;5;253m────[0m[47m[0m[47m[30m[38;5;253m┼[0m[47m[0m[47m[38;5;253m────[0m[47m[0m[47m[30m[38;5;253m┼[0m[47m[0m[47m[30m────[0m[47m[0m[47m[30m┘[0m[47m[0m[47m[38;5;253m────[0m[47m[0m[47m[30m[38;5;253m┼[0m[47m[0m[47m[38;5;253m────[0m[47m[0m[47m[30m[38;5;253m┼[0m[47m[0m[47m[38;5;253m────[0m[47m[0m[47m[30m[38;5;253m┼[0m[47m[0m[47m[38;5;253m────[0m[47m[30m[38;5;253m┼[0m[47m[0m[47m[0m[47m[0m
[0m[47m[38;5;253m│    [30m│ [32m▲ [0m[0m[47m [38;5;253m│    [38;5;253m│    [38;5;253m│    [38;5;253m│    [38;5;253m│    [38;5;253m│    [38;5;253m│    [38;5;253m│    [38;5;253m│ [31m■ [0m[0m[47m [38;5;253m│    [38;5;253m│    [38;5;253m│    [38;5;253m│    [38;5;253m│    [38;5;253m│[0m
[0m[47m[30m[38;5;253m┼[0m[47m[0m[47m[38;5;253m────[0m[47m[0m[47m[30m[38;5;253m┼[0m[47m[0m[47m[38;5;253m────[0m[47m[0m[47m[30m[38;5;253m┼[0m[47m[0m[47m[38;5;253m────[0m[47m[0m[47m[30m[38;5;253m┼[0m[47m[0m[47m[38;5;253m────[0m[47m[0m[47m[30m[38;5;253m┼[0m[47m[0m[47m[38;5;253m────[0m[47m[0m[47m[30m[38;5;253m┼[0m[47m[0m[47m[38;5;253m────[0m[47m[0m[47m[30m[38;5;253m┼[0m[47m[0m[47m[30m────[0m[47m[0m[47m[30m[38;5;253m┼[0m[47m[0m[47m[38;5;253m────[0m[47m[0m[47m[30m[38;5;253m┼[0m[47m[0m[47m[38;5;253m────[0m[47m[0m[47m[30m[38;5;253m┼[0m[47m[0m[47m[38;5;253m────[0m[47m[0m[47m[30m[38;5;253m┼[0m[47m[0m[47m[38;5;253m────[0m[47m[0m[47m[30m[38;5;253m┼[0m[47m[0m[47m[38;5;253m────[0m[47m[0m[47m[30m[38;5;253m┼[0m[47m[0m[47m[38;5;253m────[0m[47m[0m[47m[30m┌[0m[47m[0m[47m[30m────[0m[47m[0m[47m[30m[38;5;253m┼[0m[47m[0m[47m[38;5;253m────[0m[47m[0m[47m[30m[38;5;253m┼[0m[47m[0m[47m[38;5;253m────[0m[47m[30m[38;5;253m┼[0m[47m[0m[47m[0m[47m[0m
[0m[47m[38;5;253m│    [38;5;253m│    [38;5;253m│    [38;5;253m│    [38;5;253m│    [38;5;253m│    [38;5;253m│ [34m■ [0m[0m[47m [38;5;253m│    [30m│    [38;5;253m│    [30m│    [38;5;253m│    [38;5;253m│    [30m│ [34m▲ [0m[0m[47m [38;5;253m│    [38;5;253m│    [38;5;253m│[0m
[0m[47m[30m[38;5;253m┼[0m[47m[0m[47m[38;5;253m────[0m[47m[0m[47m[30m[38;5;253m┼[0m[47m[0m[47m[38;5;253m────[0m[47m[0m[47m[30m[38;5;253m┼[0m[47m[0m[47m[38;5;253m────[0m[47m[0m[47m[30m[38;5;253m┼[0m[47m[0m[47m[38;5;253m────[0m[47m[0m[47m[30m[38;5;253m┼[0m[47m[0m[47m[38;5;253m────[0m[47m[0m[47m[30m[38;5;253m┼[0m[47m[0m[47m[38;5;253m────[0m[47m[0m[47m[30m[38;5;253m┼[0m[47m[0m[47m[38;5;253m────[0m[47m[0m[47m[30m[38;5;253m┼[0m[47m[0m[47m[38;5;253m────[0m[47m[0m[47m[30m[38;5;253m┼[0m[47m[0m[47m[38;5;253m────[0m[47m[0m[47m[30m[38;5;253m┼[0m[47m[0m[47m[38;5;253m────[0m[47m[0m[47m[30m[38;5;253m┼[0m[47m[0m[47m[38;5;253m────[0m[47m[0m[47m[30m[38;5;253m┼[0m[47m[0m[47m[30m────[0m[47m[0m[47m[30m[38;5;253m┼[0m[47m[0m[47m[38;5;253m────[0m[47m[0m[47m[30m[38;5;253m┼[0m[47m[0m[47m[38;5;253m────[0m[47m[0m[47m[30m[38;5;253m┼[0m[47m[0m[47m[38;5;253m────[0m[47m[0m[47m[30m[38;5;253m┼[0m[47m[0m[47m[38;5;253m────[0m[47m[30m[38;5;253m┼[0m[47m[0m[47m[0m[47m[0m
[0m[47m[38;5;253m│    [38;5;253m│    [38;5;253m│    [38;5;253m│    [38;5;253m│    [38;5;253m│    [30m│    [38;5;253m│    [38;5;253m│    [38;5;253m│    [38;5;253m│    [38;5;253m│ [93m● [0m[0m[47m [38;5;253m│    [38;5;253m│    [38;5;253m│    [38;5;253m│    [38;5;253m│[0m
[0m[47m[30m[38;5;253m┼[0m[47m[0m[47m[38;5;253m────[0m[47m[0m[47m[30m[38;5;253m┼[0m[47m[0m[47m[38;5;253m────[0m[47m[0m[47m[30m[38;5;253m┼[0m[47m[0m[47m[38;5;253m────[0m[47m[0m[47m[30m[38;5;253m┼[0m[47m[0m[47m[38;5;253m────[0m[47m[0m[47m[30m[38;5;253m┼[0m[47m[0m[47m[38;5;253m────[0m[47m[0m[47m[30m[38;5;253m┼[0m[47m[0m[47m[38;5;253m────[0m[47m[0m[47m[30m[38;5;253m┼[0m[47m[0m[47m[38;5;253m────[0m[47m[0m[47m[30m[38;5;253m┼[0m[47m[0m[47m[38;5;253m────[0m[47m[0m[47m[30m[38;5;253m┼[0m[47m[0m[47m[38;5;253m────[0m[47m[0m[47m[30m[38;5;253m┼[0m[47m[0m[47m[38;5;253m────[0m[47m[0m[47m[30m[38;5;253m┼[0m[47m[0m[47m[38;5;253m────[0m[47m[0m[47m[30m[38;5;253m┼[0m[47m[0m[47m[38;5;253m────[0m[47m[0m[47m[30m[38;5;253m┼[0m[47m[0m[47m[38;5;253m────[0m[47m[0m[47m[30m[38;5;253m┼[0m[47m[0m[47m[38;5;253m────[0m[47m[0m[47m[30m[38;5;253m┼[0m[47m[0m[47m[38;5;253m────[0m[47m[0m[47m[30m[38;5;253m┼[0m[47m[0m[47m[38;5;253m────[0m[47m[30m[38;5;253m┼[0m[47m[0m[47m[0m[47m[0m
[0m[47m[38;5;253m│    [38;5;253m│    [38;5;253m│    [38;5;253m│    [38;5;253m│    [38;5;253m│    [38;5;253m│    [38;5;253m│    [38;5;253m│    [38;5;253m│    [38;5;253m│    [30m│    [38;5;253m│    [38;5;253m│    [38;5;253m│    [38;5;253m│    [38;5;253m│[0m
[0m[47m[30m[38;5;253m┼[0m[47m[0m[47m[38;5;253m────[0m[47m[0m[47m[30m[38;5;253m┼[0m[47m[0m[47m[38;5;253m────[0m[47m[0m[47m[30m[38;5;253m┼[0m[47m[0m[47m[38;5;253m────[0m[47m[0m[47m[30m[38;5;253m┼[0m[47m[0m[47m[38;5;253m────[0m[47m[0m[47m[30m[38;5;253m┼[0m[47m[0m[47m[38;5;253m────[0m[47m[0m[47m[30m[38;5;253m┼[0m[47m[0m[47m[38;5;253m────[0m[47m[0m[47m[30m[38;5;253m┼[0m[47m[0m[47m[38;5;253m────[0m[47m[0m[47m[30m┌[0m[47m[0m[47m[30m────[0m[47m[0m[47m[30m[38;5;253m┼[0m[47m[0m[47m[38;5;253m────[0m[47m[0m[47m[30m[38;5;253m┼[0m[47m[0m[47m[38;5;253m────[0m[47m[0m[47m[30m[38;5;253m┼[0m[47m[0m[47m[38;5;253m────[0m[47m[0m[47m[30m[38;5;253m┼[0m[47m[0m[47m[38;5;253m────[0m[47m[0m[47m[30m[38;5;253m┼[0m[47m[0m[47m[38;5;253m────[0m[47m[0m[47m[30m[38;5;253m┼[0m[47m[0m[47m[38;5;253m────[0m[47m[0m[47m[30m[38;5;253m┼[0m[47m[0m[47m[38;5;253m────[0m[47m[0m[47m[30m[38;5;253m┼[0m[47m[0m[47m[38;5;253m────[0m[47m[30m[38;5;253m┼[0m[47m[0m[47m[0m[47m[0m
[0m[47m[38;5;253m│    [38;5;253m│    [38;5;253m│    [30m│    [38;5;253m│    [38;5;253m│    [38;5;253m│    [30m│         [38;5;253m│    [38;5;253m│    [38;5;253m│    [38;5;253m│    [38;5;253m│    [38;5;253m│    [38;5;253m│    [38;5;253m│[0m
[0m[47m[30m[38;5;253m┼[0m[47m[0m[47m[38;5;253m────[0m[47m[0m[47m[30m[38;5;253m┼[0m[47m[0m[47m[38;5;253m────[0m[47m[0m[47m[30m[38;5;253m┼[0m[47m[0m[47m[38;5;253m────[0m[47m[0m[47m[30m[38;5;253m┼[0m[47m[0m[47m[38;5;253m────[0m[47m[0m[47m[30m[38;5;253m┼[0m[47m[0m[47m[38;5;253m────[0m[47m[0m[47m[30m[38;5;253m┼[0m[47m[0m[47m[38;5;253m────[0m[47m[0m[47m[30m[38;5;253m┼[0m[47m[0m[47m[30m────[0m[47m[0m[47m[30m┘[0m[47m[0m[47m    [0m[47m[0m[47m  [0m[47m[0m[47m   [0m[47m[0m[47m[30m[38;5;253m┼[0m[47m[0m[47m[38;5;253m────[0m[47m[0m[47m[30m[38;5;253m┼[0m[47m[0m[47m[38;5;253m────[0m[47m[0m[47m[30m[38;5;253m┼[0m[47m[0m[47m[38;5;253m────[0m[47m[0m[47m[30m[38;5;253m┼[0m[47m[0m[47m[38;5;253m────[0m[47m[0m[47m[30m┌[0m[47m[0m[47m[30m────[0m[47m[0m[47m[30m[38;5;253m┼[0m[47m[0m[47m[38;5;253m────[0m[47m[0m[47m[30m[38;5;253m┼[0m[47m[0m[47m[38;5;253m────[0m[47m[30m[38;5;253m┼[0m[47m[0m[47m[0m[47m[0m
[0m[47m[38;5;253m│    [38;5;253m│    [38;5;253m│    [38;5;253m│    [38;5;253m│    [38;5;253m│    [38;5;253m│    [38;5;253m│         [38;5;253m│    [38;5;253m│    [38;5;253m│    [38;5;253m│    [30m│ 🌈[0m[47m [38;5;253m│    [38;5;253m│    [38;5;253m│[0m
[0m[47m[30m[38;5;253m┼[0m[47m[0m[47m[38;5;253m────[0m[47m[0m[47m[30m[38;5;253m┼[0m[47m[0m[47m[38;5;253m────[0m[47m[0m[47m[30m[38;5;253m┼[0m[47m[0m[47m[38;5;253m────[0m[47m[0m[47m[30m[38;5;253m┼[0m[47m[0m[47m[38;5;253m────[0m[47m[0m[47m[30m[38;5;253m┼[0m[47m[0m[47m[38;5;253m────[0m[47m[0m[47m[30m[38;5;253m┼[0m[47m[0m[47m[38;5;253m────[0m[47m[0m[47m[30m[38;5;253m┼[0m[47m[0m[47m[38;5;253m────[0m[47m[0m[47m[30m[38;5;253m┼[0m[47m[0m[47m[38;5;253m────[0m[47m[0m[47m[30m[38;5;253m┼[0m[47m[0m[47m[38;5;253m────[0m[47m[0m[47m[30m[38;5;253m┼[0m[47m[0m[47m[38;5;253m────[0m[47m[0m[47m[30m[38;5;253m┼[0m[47m[0m[47m[38;5;253m────[0m[47m[0m[47m[30m[38;5;253m┼[0m[47m[0m[47m[30m────[0m[47m[0m[47m[30m[38;5;253m┼[0m[47m[0m[47m[38;5;253m────[0m[47m[0m[47m[30m[38;5;253m┼[0m[47m[0m[47m[38;5;253m────[0m[47m[0m[47m[30m[38;5;253m┼[0m[47m[0m[47m[38;5;253m────[0m[47m[0m[47m[30m[38;5;253m┼[0m[47m[0m[47m[38;5;253m────[0m[47m[30m[38;5;253m┼[0m[47m[0m[47m[0m[47m[0m
[0m[47m[38;5;253m│    [38;5;253m│    [38;5;253m│    [30m│ [32m● [0m[0m[47m [38;5;253m│    [38;5;253m│    [38;5;253m│    [38;5;253m│    [38;5;253m│    [38;5;253m│    [38;5;253m│ [32m■ [0m[0m[47m [38;5;253m│    [38;5;253m│    [38;5;253m│    [38;5;253m│    [38;5;253m│    [38;5;253m│[0m
[0m[47m[30m[38;5;253m┼[0m[47m[0m[47m[38;5;253m────[0m[47m[0m[47m[30m[38;5;253m┼[0m[47m[0m[47m[38;5;253m────[0m[47m[0m[47m[30m[38;5;253m┼[0m[47m[0m[47m[38;5;253m────[0m[47m[0m[47m[30m[38;5;253m┼[0m[47m[0m[47m[38;5;253m────[0m[47m[0m[47m[30m[38;5;253m┼[0m[47m[0m[47m[38;5;253m────[0m[47m[0m[47m[30m[38;5;253m┼[0m[47m[0m[47m[38;5;253m────[0m[47m[0m[47m[30m[38;5;253m┼[0m[47m[0m[47m[38;5;253m────[0m[47m[0m[47m[30m[38;5;253m┼[0m[47m[0m[47m[38;5;253m────[0m[47m[0m[47m[30m[38;5;253m┼[0m[47m[0m[47m[38;5;253m────[0m[47m[0m[47m[30m[38;5;253m┼[0m[47m[0m[47m[38;5;253m────[0m[47m[0m[47m[30m[38;5;253m┼[0m[47m[0m[47m[38;5;253m────[0m[47m[0m[47m[30m[38;5;253m┼[0m[47m[0m[47m[38;5;253m────[0m[47m[0m[47m[30m[38;5;253m┼[0m[47m[0m[47m[38;5;253m────[0m[47m[0m[47m[30m[38;5;253m┼[0m[47m[0m[47m[38;5;253m────[0m[47m[0m[47m[30m[38;5;253m┼[0m[47m[0m[47m[30m────[0m[47m[0m[47m[30m[38;5;253m┼[0m[47m[0m[47m[38;5;253m────[0m[47m[30m[38;5;253m┼[0m[47m[0m[47m[0m[47m[0m
[0m[47m[38;5;253m│    [38;5;253m│    [38;5;253m│    [38;5;253m│    [38;5;253m│    [38;5;253m│    [38;5;253m│    [38;5;253m│    [38;5;253m│    [38;5;253m│    [30m│    [38;5;253m│    [38;5;253m│    [38;5;253m│    [38;5;253m│ [34m● [0m[0m[47m [38;5;253m│    [38;5;253m│[0m
[0m[47m[30m[38;5;253m┼[0m[47m[0m[47m[38;5;253m────[0m[47m[0m[47m[30m[38;5;253m┼[0m[47m[0m[47m[38;5;253m────[0m[47m[0m[47m[30m[38;5;253m┼[0m[47m[0m[47m[38;5;253m────[0m[47m[0m[47m[30m[38;5;253m┼[0m[47m[0m[47m[38;5;253m────[0m[47m[0m[47m[30m[38;5;253m┼[0m[47m[0m[47m[38;5;253m────[0m[47m[0m[47m[30m[38;5;253m┼[0m[47m[0m[47m[38;5;253m────[0m[47m[0m[47m[30m[38;5;253m┼[0m[47m[0m[47m[38;5;253m────[0m[47m[0m[47m[30m[38;5;253m┼[0m[47m[0m[47m[30m────[0m[47m[0m[47m[30m[38;5;253m┼[0m[47m[0m[47m[38;5;253m────[0m[47m[0m[47m[30m[38;5;253m┼[0m[47m[0m[47m[38;5;253m────[0m[47m[0m[47m[30m[38;5;253m┼[0m[47m[0m[47m[38;5;253m────[0m[47m[0m[47m[30m[38;5;253m┼[0m[47m[0m[47m[38;5;253m────[0m[47m[0m[47m[30m[38;5;253m┼[0m[47m[0m[47m[38;5;253m────[0m[47m[0m[47m[30m[38;5;253m┼[0m[47m[0m[47m[38;5;253m────[0m[47m[0m[47m[30m[38;5;253m┼[0m[47m[0m[47m[38;5;253m────[0m[47m[0m[47m[30m[38;5;253m┼[0m[47m[0m[47m[38;5;253m────[0m[47m[30m[38;5;253m┼[0m[47m[0m[47m[0m[47m[0m
[0m[47m[38;5;253m│    [38;5;253m│    [38;5;253m│    [38;5;253m│    [38;5;253m│    [38;5;253m│    [38;5;253m│ [31m▲ [0m[0m[47m [38;5;253m│    [38;5;253m│    [38;5;253m│    [38;5;253m│    [38;5;253m│    [38;5;253m│    [38;5;253m│    [38;5;253m│    [38;5;253m│    [38;5;253m│[0m
[0m[47m[30m[38;5;253m┼[0m[47m[0m[47m[38;5;253m────[0m[47m[0m[47m[30m[38;5;253m┼[0m[47m[0m[47m[38;5;253m────[0m[47m[0m[47m[30m[38;5;253m┼[0m[47m[0m[47m[38;5;253m────[0m[47m[0m[47m[30m[38;5;253m┼[0m[47m[0m[47m[38;5;253m────[0m[47m[0m[47m[30m[38;5;253m┼[0m[47m[0m[47m[38;5;253m────[0m[47m[0m[47m[30m[38;5;253m┼[0m[47m[0m[47m[38;5;253m────[0m[47m[0m[47m[30m[38;5;253m┼[0m[47m[0m[47m[38;5;253m────[0m[47m[0m[47m[30m[38;5;253m┼[0m[47m[0m[47m[38;5;253m────[0m[47m[0m[47m[30m[38;5;253m┼[0m[47m[0m[47m[38;5;253m────[0m[47m[0m[47m[30m[38;5;253m┼[0m[47m[0m[47m[38;5;253m────[0m[47m[0m[47m[30m[38;5;253m┼[0m[47m[0m[47m[38;5;253m────[0m[47m[0m[47m[30m┌[0m[47m[0m[47m[30m────[0m[47m[0m[47m[30m[38;5;253m┼[0m[47m[0m[47m[38;5;253m────[0m[47m[0m[47m[30m[38;5;253m┼[0m[47m[0m[47m[38;5;253m────[0m[47m[0m[47m[30m[38;5;253m┼[0m[47m[0m[47m[38;5;253m────[0m[47m[0m[47m[30m[38;5;253m┼[0m[47m[0m[47m[38;5;253m────[0m[47m[30m[38;5;253m┼[0m[47m[0m[47m[0m[47m[0m
[0m[47m[38;5;253m│    [38;5;253m│    [38;5;253m│    [38;5;253m│    [38;5;253m│    [38;5;253m│    [30m│    [38;5;253m│    [38;5;253m│    [38;5;253m│    [38;5;253m│    [30m│ [31m🟊 [0m[0m[47m [38;5;253m│    [38;5;253m│    [38;5;253m│    [38;5;253m│    [30m│[0m
[0m[47m[30m[38;5;253m┼[0m[47m[0m[47m[38;5;253m────[0m[47m[0m[47m[30m[38;5;253m┼[0m[47m[0m[47m[38;5;253m────[0m[47m[0m[47m[30m[38;5;253m┼[0m[47m[0m[47m[38;5;253m────[0m[47m[0m[47m[30m[38;5;253m┼[0m[47m[0m[47m[30m────[0m[47m[0m[47m[30m[38;5;253m┼[0m[47m[0m[47m[38;5;253m────[0m[47m[0m[47m[30m[38;5;253m┼[0m[47m[0m[47m[38;5;253m────[0m[47m[0m[47m[30m[38;5;253m┼[0m[47m[0m[47m[38;5;253m────[0m[47m[0m[47m[30m[38;5;253m┼[0m[47m[0m[47m[38;5;253m────[0m[47m[0m[47m[30m[38;5;253m┼[0m[47m[0m[47m[38;5;253m────[0m[47m[0m[47m[30m[38;5;253m┼[0m[47m[0m[47m[38;5;253m────[0m[47m[0m[47m[30m[38;5;253m┼[0m[47m[0m[47m[38;5;253m────[0m[47m[0m[47m[30m[38;5;253m┼[0m[47m[0m[47m[38;5;253m────[0m[47m[0m[47m[30m[38;5;253m┼[0m[47m[0m[47m[38;5;253m────[0m[47m[0m[47m[30m[38;5;253m┼[0m[47m[0m[47m[38;5;253m────[0m[47m[0m[47m[30m[38;5;253m┼[0m[47m[0m[47m[38;5;253m────[0m[47m[0m[47m[30m[38;5;253m┼[0m[47m[0m[47m[38;5;253m────[0m[47m[30m[38;5;253m┼[0m[47m[0m[47m[0m[47m[0m
[0m[47m[38;5;253m│    [38;5;253m│    [30m│ [93m■ [0m[0m[47m [38;5;253m│    [38;5;253m│    [38;5;253m│    [38;5;253m│    [38;5;253m│    [38;5;253m│    [38;5;253m│    [38;5;253m│    [38;5;253m│    [38;5;253m│    [38;5;253m│    [38;5;253m│    [30m│    [38;5;253m│[0m
[0m[47m[30m[38;5;253m┼[0m[47m[0m[47m[38;5;253m────[0m[47m[0m[47m[30m[38;5;253m┼[0m[47m[0m[47m[38;5;253m────[0m[47m[0m[47m[30m[38;5;253m┼[0m[47m[0m[47m[38;5;253m────[0m[47m[0m[47m[30m[38;5;253m┼[0m[47m[0m[47m[38;5;253m────[0m[47m[0m[47m[30m[38;5;253m┼[0m[47m[0m[47m[30m────[0m[47m[0m[47m[30m[38;5;253m┼[0m[47m[0m[47m[38;5;253m────[0m[47m[0m[47m[30m[38;5;253m┼[0m[47m[0m[47m[38;5;253m────[0m[47m[0m[47m[30m[38;5;253m┼[0m[47m[0m[47m[38;5;253m────[0m[47m[0m[47m[30m[38;5;253m┼[0m[47m[0m[47m[38;5;253m────[0m[47m[0m[47m[30m[38;5;253m┼[0m[47m[0m[47m[38;5;253m────[0m[47m[0m[47m[30m[38;5;253m┼[0m[47m[0m[47m[30m────[0m[47m[0m[47m[30m[38;5;253m┼[0m[47m[0m[47m[38;5;253m────[0m[47m[0m[47m[30m[38;5;253m┼[0m[47m[0m[47m[38;5;253m────[0m[47m[0m[47m[30m[38;5;253m┼[0m[47m[0m[47m[38;5;253m────[0m[47m[0m[47m[30m[38;5;253m┼[0m[47m[0m[47m[38;5;253m────[0m[47m[0m[47m[30m[38;5;253m┼[0m[47m[0m[47m[38;5;253m────[0m[47m[30m[38;5;253m┼[0m[47m[0m[47m[0m[47m[0m
[0m[47m[38;5;253m│    [38;5;253m│    [38;5;253m│    [38;5;253m│    [38;5;253m│ [34m🟊 [0m[0m[47m [38;5;253m│    [38;5;253m│    [30m│    [38;5;253m│    [30m│ [93m▲ [0m[0m[47m [38;5;253m│    [38;5;253m│    [38;5;253m│    [38;5;253m│    [38;5;253m│    [38;5;253m│    [38;5;253m│[0m
[0m[47m[30m[38;5;253m┼[0m[47m[0m[47m[38;5;253m────[0m[47m[0m[47m[30m[38;5;253m┼[0m[47m[0m[47m[38;5;253m────[0m[47m[0m[47m[30m[38;5;253m┼[0m[47m[0m[47m[38;5;253m────[0m[47m[0m[47m[30m[38;5;253m┼[0m[47m[0m[47m[38;5;253m────[0m[47m[0m[47m[30m[38;5;253m┼[0m[47m[0m[47m[38;5;253m────[0m[47m[0m[47m[30m[38;5;253m┼[0m[47m[0m[47m[38;5;253m────[0m[47m[0m[47m[30m[38;5;253m┼[0m[47m[0m[47m[38;5;253m────[0m[47m[0m[47m[30m[38;5;253m┼[0m[47m[0m[47m[38;5;253m────[0m[47m[0m[47m[30m[38;5;253m┼[0m[47m[0m[47m[38;5;253m────[0m[47m[0m[47m[30m[38;5;253m┼[0m[47m[0m[47m[38;5;253m────[0m[47m[0m[47m[30m[38;5;253m┼[0m[47m[0m[47m[38;5;253m────[0m[47m[0m[47m[30m[38;5;253m┼[0m[47m[0m[47m[38;5;253m────[0m[47m[0m[47m[30m[38;5;253m┼[0m[47m[0m[47m[30m────[0m[47m[0m[47m[30m[38;5;253m┼[0m[47m[0m[47m[38;5;253m────[0m[47m[0m[47m[30m[38;5;253m┼[0m[47m[0m[47m[38;5;253m────[0m[47m[0m[47m[30m[38;5;253m┼[0m[47m[0m[47m[38;5;253m────[0m[47m[30m[38;5;253m┼[0m[47m[0m[47m[0m[47m[0m
[0m[47m[38;5;253m│    [38;5;253m│    [38;5;253m│    [38;5;253m│    [30m│    [38;5;253m│    [38;5;253m│    [38;5;253m│    [38;5;253m│    [38;5;253m│    [38;5;253m│    [38;5;253m│    [38;5;253m│    [38;5;253m│    [38;5;253m│    [38;5;253m│    [38;5;253m│[0m
[0m[47m[30m[38;5;253m┼[0m[47m[38;5;253m────[0m[47m[30m[38;5;253m┼[0m[47m[38;5;253m────[0m[47m[30m[38;5;253m┼[0m[47m[38;5;253m────[0m[47m[30m[38;5;253m┼[0m[47m[38;5;253m────[0m[47m[30m[38;5;253m┼[0m[47m[38;5;253m────[0m[47m[30m[38;5;253m┼[0m[47m[38;5;253m────[0m[47m[30m[38;5;253m┼[0m[47m[38;5;253m────[0m[47m[30m[38;5;253m┼[0m[47m[38;5;253m────[0m[47m[30m[38;5;253m┼[0m[47m[38;5;253m────[0m[47m[30m[38;5;253m┼[0m[47m[38;5;253m────[0m[47m[30m[38;5;253m┼[0m[47m[38;5;253m────[0m[47m[30m[38;5;253m┼[0m[47m[30m────[0m[47m[30m[38;5;253m┼[0m[47m[38;5;253m────[0m[47m[30m[38;5;253m┼[0m[47m[38;5;253m────[0m[47m[30m[38;5;253m┼[0m[47m[38;5;253m────[0m[47m[30m[38;5;253m┼[0m[47m[38;5;253m────[0m[47m[30m[38;5;253m┼[0m[47m[0m
