
Player Dada announced 2 moves and lost
Player Louiiiiiiiiis announced 3 moves and lost
