
Player Dada announced 3 moves and won with 2!
Player Louiiiiiiiiis announced 4 moves and lost
