
Player [1mDada[22m announced 5 moves and [31mlost[0m
