
┌──────────────────────────────────────────────────────────────────┐
│ [1mRank   Player              Rounds played   Score   Success Rate [0m │
│ 🥇     Dada                5               3       30%           │
│ 🥈     Louiiiiiiiis        4               2       25%           │
│ 🥉     Po                  0               0       --            │
│  4     ouais ouais ouais   0               0       --            │
└──────────────────────────────────────────────────────────────────┘
