
┌──────────────────────────────────────────────────────────────┐
│ [1mRank   Player          Rounds played   Score   Success Rate [0m │
│  1     Dada            2               0       0%            │
│  2     Louiiiiiiiiis   3               0       0%            │
└──────────────────────────────────────────────────────────────┘