
┌───────────────────────────────────────────────────────┐
│ [1mRank   Player   Rounds played   Score   Success Rate [0m │
│  1     Dada     3               2       33%           │
└───────────────────────────────────────────────────────┘