
┌───────────────────────────────────────────────────────┐
│ [1mRank   Player   Rounds played   Score   Success Rate [0m │
└───────────────────────────────────────────────────────┘
