
┌──────────────────────────────────────────────────────────────┐
│ [1mRank   Player          Rounds played   Score   Success Rate [0m │
│ 🏆     Louiiiiiiiiis   3               5       83%           │
│  2     Dada            2               2       50%           │
└──────────────────────────────────────────────────────────────┘